[    0.000000] Initializing cgroup subsys cpuset
[    0.000000] Initializing cgroup subsys cpu
[    0.000000] Initializing cgroup subsys cpuacct
[    0.000000] Linux version 4.4.113 (usama@usama-hp) (gcc version 4.8.4 (Ubuntu 4.8.4-2ubuntu1~14.04.3) ) #1 SMP Mon Feb 26 14:47:03 PKT 2018
[    0.000000] Command line: BOOT_IMAGE=/boot/vmlinuz-4.4.113 root=UUID=9d63afc3-d493-4fad-a380-b66b39a891c3 ro noprompt persistent quiet splash vt.handoff=7
[    0.000000] KERNEL supported cpus:
[    0.000000]   Intel GenuineIntel
[    0.000000]   AMD AuthenticAMD
[    0.000000]   Centaur CentaurHauls
[    0.000000] x86/fpu: xstate_offset[2]:  576, xstate_sizes[2]:  256
[    0.000000] x86/fpu: Supporting XSAVE feature 0x01: 'x87 floating point registers'
[    0.000000] x86/fpu: Supporting XSAVE feature 0x02: 'SSE registers'
[    0.000000] x86/fpu: Supporting XSAVE feature 0x04: 'AVX registers'
[    0.000000] x86/fpu: Enabled xstate features 0x7, context size is 832 bytes, using 'standard' format.
[    0.000000] x86/fpu: Using 'eager' FPU context switches.
[    0.000000] e820: BIOS-provided physical RAM map:
[    0.000000] BIOS-e820: [mem 0x0000000000000000-0x000000000006efff] usable
[    0.000000] BIOS-e820: [mem 0x000000000006f000-0x000000000006ffff] reserved
[    0.000000] BIOS-e820: [mem 0x0000000000070000-0x0000000000087fff] usable
[    0.000000] BIOS-e820: [mem 0x0000000000088000-0x00000000000bffff] reserved
[    0.000000] BIOS-e820: [mem 0x0000000000100000-0x000000009c49efff] usable
[    0.000000] BIOS-e820: [mem 0x000000009c49f000-0x000000009c69efff] type 20
[    0.000000] BIOS-e820: [mem 0x000000009c69f000-0x000000009ceaefff] reserved
[    0.000000] BIOS-e820: [mem 0x000000009ceaf000-0x000000009cfaefff] ACPI NVS
[    0.000000] BIOS-e820: [mem 0x000000009cfaf000-0x000000009cffefff] ACPI data
[    0.000000] BIOS-e820: [mem 0x000000009cfff000-0x000000009cffffff] usable
[    0.000000] BIOS-e820: [mem 0x000000009d000000-0x000000009f9fffff] reserved
[    0.000000] BIOS-e820: [mem 0x00000000e0000000-0x00000000efffffff] reserved
[    0.000000] BIOS-e820: [mem 0x00000000fe101000-0x00000000fe112fff] reserved
[    0.000000] BIOS-e820: [mem 0x00000000feb00000-0x00000000feb0ffff] reserved
[    0.000000] BIOS-e820: [mem 0x00000000fec00000-0x00000000fec00fff] reserved
[    0.000000] BIOS-e820: [mem 0x00000000fed00000-0x00000000fee00fff] reserved
[    0.000000] BIOS-e820: [mem 0x00000000ffc00000-0x00000000ffffffff] reserved
[    0.000000] BIOS-e820: [mem 0x0000000100000000-0x000000025f5fffff] usable
[    0.000000] NX (Execute Disable) protection: active
[    0.000000] efi: EFI v2.31 by INSYDE Corp.
[    0.000000] efi:  ACPI=0x9cffe000  ACPI 2.0=0x9cffe014  SMBIOS=0x9ceaef98 
[    0.000000] SMBIOS 2.8 present.
[    0.000000] DMI: Hewlett-Packard HP ENVY 15 X360 PC              /22D6, BIOS F.11 07/17/2014
[    0.000000] e820: update [mem 0x00000000-0x00000fff] usable ==> reserved
[    0.000000] e820: remove [mem 0x000a0000-0x000fffff] usable
[    0.000000] e820: last_pfn = 0x25f600 max_arch_pfn = 0x400000000
[    0.000000] MTRR default type: uncachable
[    0.000000] MTRR fixed ranges enabled:
[    0.000000]   00000-9FFFF write-back
[    0.000000]   A0000-BFFFF uncachable
[    0.000000]   C0000-E7FFF write-protect
[    0.000000]   E8000-EFFFF write-combining
[    0.000000]   F0000-FFFFF write-protect
[    0.000000] MTRR variable ranges enabled:
[    0.000000]   0 base 0000000000 mask 7C00000000 write-back
[    0.000000]   1 base 009D000000 mask 7FFF000000 uncachable
[    0.000000]   2 base 009E000000 mask 7FFE000000 uncachable
[    0.000000]   3 base 00A0000000 mask 7FE0000000 uncachable
[    0.000000]   4 base 00C0000000 mask 7FC0000000 uncachable
[    0.000000]   5 disabled
[    0.000000]   6 disabled
[    0.000000]   7 disabled
[    0.000000]   8 disabled
[    0.000000]   9 disabled
[    0.000000] x86/PAT: Configuration [0-7]: WB  WC  UC- UC  WB  WC  UC- WT  
[    0.000000] original variable MTRRs
[    0.000000] reg 0, base: 0GB, range: 16GB, type WB
[    0.000000] reg 1, base: 2512MB, range: 16MB, type UC
[    0.000000] reg 2, base: 2528MB, range: 32MB, type UC
[    0.000000] reg 3, base: 2560MB, range: 512MB, type UC
[    0.000000] reg 4, base: 3GB, range: 1GB, type UC
[    0.000000] total RAM covered: 14800M
[    0.000000] Found optimal setting for mtrr clean up
[    0.000000]  gran_size: 64K 	chunk_size: 64M 	num_reg: 6  	lose cover RAM: 0G
[    0.000000] New variable MTRRs
[    0.000000] reg 0, base: 0GB, range: 2GB, type WB
[    0.000000] reg 1, base: 2GB, range: 512MB, type WB
[    0.000000] reg 2, base: 2512MB, range: 16MB, type UC
[    0.000000] reg 3, base: 2528MB, range: 32MB, type UC
[    0.000000] reg 4, base: 4GB, range: 4GB, type WB
[    0.000000] reg 5, base: 8GB, range: 8GB, type WB
[    0.000000] e820: update [mem 0x9d000000-0xffffffff] usable ==> reserved
[    0.000000] e820: last_pfn = 0x9d000 max_arch_pfn = 0x400000000
[    0.000000] Scanning 1 areas for low memory corruption
[    0.000000] Base memory trampoline at [ffff88000007c000] 7c000 size 28672
[    0.000000] Using GB pages for direct mapping
[    0.000000] BRK [0x03012000, 0x03012fff] PGTABLE
[    0.000000] BRK [0x03013000, 0x03013fff] PGTABLE
[    0.000000] BRK [0x03014000, 0x03014fff] PGTABLE
[    0.000000] BRK [0x03015000, 0x03015fff] PGTABLE
[    0.000000] BRK [0x03016000, 0x03016fff] PGTABLE
[    0.000000] RAMDISK: [mem 0x21a06000-0x2ccfafff]
[    0.000000] ACPI: Early table checksum verification disabled
[    0.000000] ACPI: RSDP 0x000000009CFFE014 000024 (v02 HPQOEM)
[    0.000000] ACPI: XSDT 0x000000009CFFE210 0000B4 (v01 HPQOEM SLIC-MPC 00000001 HP   01000013)
[    0.000000] ACPI: FACP 0x000000009CFF8000 00010C (v05 HPQOEM SLIC-MPC 00000001 HP   00040000)
[    0.000000] ACPI: DSDT 0x000000009CFE3000 011663 (v01 HPQOEM SLIC-MPC 00000000 ACPI 00040000)
[    0.000000] ACPI: FACS 0x000000009CFAA000 000040
[    0.000000] ACPI: UEFI 0x000000009CFFD000 000236 (v01 HPQOEM 22D6     00000001 HP   00040000)
[    0.000000] ACPI: FPDT 0x000000009CFFB000 000044 (v01 HPQOEM SLIC-MPC 00000001 HP   00040000)
[    0.000000] ACPI: MSDM 0x000000009CFFA000 000055 (v03 HPQOEM SLIC-MPC 00000001 HP   00040000)
[    0.000000] ACPI: ASF! 0x000000009CFF9000 0000A5 (v32 HPQOEM 22D6     00000001 HP   00040000)
[    0.000000] ACPI: HPET 0x000000009CFF7000 000038 (v01 HPQOEM 22D6     00000001 HP   00040000)
[    0.000000] ACPI: APIC 0x000000009CFF6000 00008C (v03 HPQOEM SLIC-MPC 00000001 HP   00040000)
[    0.000000] ACPI: MCFG 0x000000009CFF5000 00003C (v01 HPQOEM 22D6     00000001 HP   00040000)
[    0.000000] ACPI: SSDT 0x000000009CFE1000 0010BF (v01 HPQOEM 22D6     00001000 ACPI 00040000)
[    0.000000] ACPI: BOOT 0x000000009CFDF000 000028 (v01 HPQOEM 22D6     00000001 HP   00040000)
[    0.000000] ACPI: LPIT 0x000000009CFDE000 000094 (v01 HPQOEM 22D6     00000000 HP   00040000)
[    0.000000] ACPI: ASPT 0x000000009CFDC000 000034 (v07 HPQOEM 22D6     00000001 HP   00040000)
[    0.000000] ACPI: DBGP 0x000000009CFDB000 000034 (v01 HPQOEM 22D6     00000001 HP   00040000)
[    0.000000] ACPI: SSDT 0x000000009CFDA000 000539 (v01 HPQOEM 22D6     00003000 ACPI 00040000)
[    0.000000] ACPI: SSDT 0x000000009CFD9000 000AD8 (v01 HPQOEM 22D6     00003000 ACPI 00040000)
[    0.000000] ACPI: SSDT 0x000000009CFD5000 0034F7 (v01 HPQOEM 22D6     00003000 ACPI 00040000)
[    0.000000] ACPI: SSDT 0x000000009CFD4000 000412 (v01 HPQOEM 22D6     00001000 ACPI 00040000)
[    0.000000] ACPI: BGRT 0x000000009CFD3000 000038 (v01 HPQOEM 22D6     00000001 HP   00040000)
[    0.000000] ACPI: Local APIC address 0xfee00000
[    0.000000] No NUMA configuration found
[    0.000000] Faking a node at [mem 0x0000000000000000-0x000000025f5fffff]
[    0.000000] NODE_DATA(0) allocated [mem 0x25f5fa000-0x25f5fdfff]
[    0.000000] Zone ranges:
[    0.000000]   DMA      [mem 0x0000000000001000-0x0000000000ffffff]
[    0.000000]   DMA32    [mem 0x0000000001000000-0x00000000ffffffff]
[    0.000000]   Normal   [mem 0x0000000100000000-0x000000025f5fffff]
[    0.000000] Movable zone start for each node
[    0.000000] Early memory node ranges
[    0.000000]   node   0: [mem 0x0000000000001000-0x000000000006efff]
[    0.000000]   node   0: [mem 0x0000000000070000-0x0000000000087fff]
[    0.000000]   node   0: [mem 0x0000000000100000-0x000000009c49efff]
[    0.000000]   node   0: [mem 0x000000009cfff000-0x000000009cffffff]
[    0.000000]   node   0: [mem 0x0000000100000000-0x000000025f5fffff]
[    0.000000] Initmem setup node 0 [mem 0x0000000000001000-0x000000025f5fffff]
[    0.000000] On node 0 totalpages: 2079270
[    0.000000]   DMA zone: 64 pages used for memmap
[    0.000000]   DMA zone: 23 pages reserved
[    0.000000]   DMA zone: 3974 pages, LIFO batch:0
[    0.000000]   DMA32 zone: 9939 pages used for memmap
[    0.000000]   DMA32 zone: 636064 pages, LIFO batch:31
[    0.000000]   Normal zone: 22488 pages used for memmap
[    0.000000]   Normal zone: 1439232 pages, LIFO batch:31
[    0.000000] Reserving Intel graphics stolen memory at 0x9da00000-0x9f9fffff
[    0.000000] ACPI: PM-Timer IO Port: 0x1808
[    0.000000] ACPI: Local APIC address 0xfee00000
[    0.000000] IOAPIC[0]: apic_id 2, version 32, address 0xfec00000, GSI 0-39
[    0.000000] ACPI: INT_SRC_OVR (bus 0 bus_irq 0 global_irq 2 dfl dfl)
[    0.000000] ACPI: INT_SRC_OVR (bus 0 bus_irq 9 global_irq 9 high level)
[    0.000000] ACPI: IRQ0 used by override.
[    0.000000] ACPI: IRQ9 used by override.
[    0.000000] Using ACPI (MADT) for SMP configuration information
[    0.000000] ACPI: HPET id: 0x8086a201 base: 0xfed00000
[    0.000000] smpboot: Allowing 8 CPUs, 4 hotplug CPUs
[    0.000000] PM: Registered nosave memory: [mem 0x00000000-0x00000fff]
[    0.000000] PM: Registered nosave memory: [mem 0x0006f000-0x0006ffff]
[    0.000000] PM: Registered nosave memory: [mem 0x00088000-0x000bffff]
[    0.000000] PM: Registered nosave memory: [mem 0x000c0000-0x000fffff]
[    0.000000] PM: Registered nosave memory: [mem 0x9c49f000-0x9c69efff]
[    0.000000] PM: Registered nosave memory: [mem 0x9c69f000-0x9ceaefff]
[    0.000000] PM: Registered nosave memory: [mem 0x9ceaf000-0x9cfaefff]
[    0.000000] PM: Registered nosave memory: [mem 0x9cfaf000-0x9cffefff]
[    0.000000] PM: Registered nosave memory: [mem 0x9d000000-0x9f9fffff]
[    0.000000] PM: Registered nosave memory: [mem 0x9fa00000-0xdfffffff]
[    0.000000] PM: Registered nosave memory: [mem 0xe0000000-0xefffffff]
[    0.000000] PM: Registered nosave memory: [mem 0xf0000000-0xfe100fff]
[    0.000000] PM: Registered nosave memory: [mem 0xfe101000-0xfe112fff]
[    0.000000] PM: Registered nosave memory: [mem 0xfe113000-0xfeafffff]
[    0.000000] PM: Registered nosave memory: [mem 0xfeb00000-0xfeb0ffff]
[    0.000000] PM: Registered nosave memory: [mem 0xfeb10000-0xfebfffff]
[    0.000000] PM: Registered nosave memory: [mem 0xfec00000-0xfec00fff]
[    0.000000] PM: Registered nosave memory: [mem 0xfec01000-0xfecfffff]
[    0.000000] PM: Registered nosave memory: [mem 0xfed00000-0xfee00fff]
[    0.000000] PM: Registered nosave memory: [mem 0xfee01000-0xffbfffff]
[    0.000000] PM: Registered nosave memory: [mem 0xffc00000-0xffffffff]
[    0.000000] e820: [mem 0x9fa00000-0xdfffffff] available for PCI devices
[    0.000000] Booting paravirtualized kernel on bare hardware
[    0.000000] clocksource: refined-jiffies: mask: 0xffffffff max_cycles: 0xffffffff, max_idle_ns: 7645519600211568 ns
[    0.000000] setup_percpu: NR_CPUS:512 nr_cpumask_bits:512 nr_cpu_ids:8 nr_node_ids:1
[    0.000000] PERCPU: Embedded 34 pages/cpu @ffff88025f200000 s99096 r8192 d31976 u262144
[    0.000000] pcpu-alloc: s99096 r8192 d31976 u262144 alloc=1*2097152
[    0.000000] pcpu-alloc: [0] 0 1 2 3 4 5 6 7 
[    0.000000] Built 1 zonelists in Node order, mobility grouping on.  Total pages: 2046756
[    0.000000] Policy zone: Normal
[    0.000000] Kernel command line: BOOT_IMAGE=/boot/vmlinuz-4.4.113 root=UUID=9d63afc3-d493-4fad-a380-b66b39a891c3 ro noprompt persistent quiet splash vt.handoff=7
[    0.000000] PID hash table entries: 4096 (order: 3, 32768 bytes)
[    0.000000] Calgary: detecting Calgary via BIOS EBDA area
[    0.000000] Calgary: Unable to locate Rio Grande table in EBDA - bailing!
[    0.000000] Memory: 7849536K/8317080K available (8158K kernel code, 1308K rwdata, 3988K rodata, 1500K init, 1316K bss, 467544K reserved, 0K cma-reserved)
[    0.000000] SLUB: HWalign=64, Order=0-3, MinObjects=0, CPUs=8, Nodes=1
[    0.000000] Kernel/User page tables isolation: enabled
[    0.000000] Hierarchical RCU implementation.
[    0.000000] 	Build-time adjustment of leaf fanout to 64.
[    0.000000] 	RCU restricting CPUs from NR_CPUS=512 to nr_cpu_ids=8.
[    0.000000] RCU: Adjusting geometry for rcu_fanout_leaf=64, nr_cpu_ids=8
[    0.000000] NR_IRQS:33024 nr_irqs:760 16
[    0.000000] Console: colour dummy device 80x25
[    0.000000] console [tty0] enabled
[    0.000000] clocksource: hpet: mask: 0xffffffff max_cycles: 0xffffffff, max_idle_ns: 133484882848 ns
[    0.000000] hpet clockevent registered
[    0.000000] tsc: Fast TSC calibration using PIT
[    0.000000] tsc: Detected 2394.315 MHz processor
[    0.000047] Calibrating delay loop (skipped), value calculated using timer frequency.. 4788.63 BogoMIPS (lpj=9577260)
[    0.000051] pid_max: default: 32768 minimum: 301
[    0.000058] ACPI: Core revision 20150930
[    0.020460] ACPI: 6 ACPI AML tables successfully acquired and loaded
[    0.040197] Security Framework initialized
[    0.040201] Yama: becoming mindful.
[    0.040212] AppArmor: AppArmor initialized
[    0.040970] Dentry cache hash table entries: 1048576 (order: 11, 8388608 bytes)
[    0.043292] Inode-cache hash table entries: 524288 (order: 10, 4194304 bytes)
[    0.044283] Mount-cache hash table entries: 16384 (order: 5, 131072 bytes)
[    0.044297] Mountpoint-cache hash table entries: 16384 (order: 5, 131072 bytes)
[    0.044578] Initializing cgroup subsys io
[    0.044583] Initializing cgroup subsys memory
[    0.044590] Initializing cgroup subsys devices
[    0.044593] Initializing cgroup subsys freezer
[    0.044596] Initializing cgroup subsys net_cls
[    0.044598] Initializing cgroup subsys perf_event
[    0.044601] Initializing cgroup subsys net_prio
[    0.044605] Initializing cgroup subsys hugetlb
[    0.044607] Initializing cgroup subsys pids
[    0.044639] CPU: Physical Processor ID: 0
[    0.044640] CPU: Processor Core ID: 0
[    0.044646] ENERGY_PERF_BIAS: Set to 'normal', was 'performance'
[    0.044648] ENERGY_PERF_BIAS: View and update with x86_energy_perf_policy(8)
[    0.045936] mce: CPU supports 7 MCE banks
[    0.045953] CPU0: Thermal monitoring enabled (TM1)
[    0.045965] process: using mwait in idle threads
[    0.045969] Last level iTLB entries: 4KB 1024, 2MB 1024, 4MB 1024
[    0.045970] Last level dTLB entries: 4KB 1024, 2MB 1024, 4MB 1024, 1GB 4
[    0.045974] Spectre V2 mitigation: Vulnerable: Minimal generic ASM retpoline
[    0.046470] Freeing SMP alternatives memory: 28K
[    0.053930] ftrace: allocating 31879 entries in 125 pages
[    0.073368] ..TIMER: vector=0x30 apic1=0 pin1=2 apic2=-1 pin2=-1
[    0.551362] TSC deadline timer enabled
[    0.551366] smpboot: CPU0: Intel(R) Core(TM) i5-4210U CPU @ 1.70GHz (family: 0x6, model: 0x45, stepping: 0x1)
[    0.551410] Performance Events: PEBS fmt2+, 16-deep LBR, Haswell events, full-width counters, Intel PMU driver.
[    0.551439] ... version:                3
[    0.551440] ... bit width:              48
[    0.551441] ... generic registers:      4
[    0.551443] ... value mask:             0000ffffffffffff
[    0.551444] ... max period:             00007fffffffffff
[    0.551445] ... fixed-purpose events:   3
[    0.551446] ... event mask:             000000070000000f
[    0.552506] x86: Booting SMP configuration:
[    0.552509] .... node  #0, CPUs:      #1
[    0.556604] NMI watchdog: enabled on all CPUs, permanently consumes one hw-PMU counter.
[    0.556705]  #2 #3
[    0.564639] x86: Booted up 1 node, 4 CPUs
[    0.564642] smpboot: Total of 4 processors activated (19154.52 BogoMIPS)
[    0.570052] devtmpfs: initialized
[    0.573763] evm: security.selinux
[    0.573764] evm: security.SMACK64
[    0.573766] evm: security.SMACK64EXEC
[    0.573767] evm: security.SMACK64TRANSMUTE
[    0.573768] evm: security.SMACK64MMAP
[    0.573769] evm: security.ima
[    0.573770] evm: security.capability
[    0.573873] PM: Registering ACPI NVS region [mem 0x9ceaf000-0x9cfaefff] (1048576 bytes)
[    0.574003] clocksource: jiffies: mask: 0xffffffff max_cycles: 0xffffffff, max_idle_ns: 7645041785100000 ns
[    0.574023] futex hash table entries: 2048 (order: 5, 131072 bytes)
[    0.574166] pinctrl core: initialized pinctrl subsystem
[    0.574303] RTC time: 15:47:33, date: 02/28/18
[    0.574458] NET: Registered protocol family 16
[    0.585860] cpuidle: using governor ladder
[    0.601857] cpuidle: using governor menu
[    0.601868] PCCT header not found.
[    0.601915] Simple Boot Flag at 0x44 set to 0x1
[    0.601970] ACPI FADT declares the system doesn't support PCIe ASPM, so disable it
[    0.601971] ACPI: bus type PCI registered
[    0.601973] acpiphp: ACPI Hot Plug PCI Controller Driver version: 0.5
[    0.602070] PCI: MMCONFIG for domain 0000 [bus 00-ff] at [mem 0xe0000000-0xefffffff] (base 0xe0000000)
[    0.602073] PCI: MMCONFIG at [mem 0xe0000000-0xefffffff] reserved in E820
[    0.602088] PCI: Using configuration type 1 for base access
[    0.602440] perf_event_intel: PMU erratum BJ122, BV98, HSD29 worked around, HT is on
[    0.614343] ACPI: Added _OSI(Module Device)
[    0.614346] ACPI: Added _OSI(Processor Device)
[    0.614348] ACPI: Added _OSI(3.0 _SCP Extensions)
[    0.614349] ACPI: Added _OSI(Processor Aggregator Device)
[    0.618977] ACPI: Executed 1 blocks of module-level executable AML code
[    0.622604] [Firmware Bug]: ACPI: BIOS _OSI(Linux) query ignored
[    0.623535] ACPI: Dynamic OEM Table Load:
[    0.623547] ACPI: SSDT 0xFFFF8802556D1400 0003D3 (v01 PmRef  Cpu0Cst  00003001 INTL 20121220)
[    0.624444] ACPI: Dynamic OEM Table Load:
[    0.624454] ACPI: SSDT 0xFFFF88025569A800 0005AA (v01 PmRef  ApIst    00003000 INTL 20121220)
[    0.625405] ACPI: Dynamic OEM Table Load:
[    0.625412] ACPI: SSDT 0xFFFF880255730A00 000119 (v01 PmRef  ApCst    00003000 INTL 20121220)
[    0.626846] ACPI : EC: EC started
[    0.771687] ACPI: Interpreter enabled
[    0.771726] ACPI: (supports S0 S3 S4 S5)
[    0.771728] ACPI: Using IOAPIC for interrupt routing
[    0.771765] PCI: Using host bridge windows from ACPI; if necessary, use "pci=nocrs" and report a bug
[    0.805737] ACPI: PCI Root Bridge [PCI0] (domain 0000 [bus 00-fe])
[    0.805745] acpi PNP0A08:00: _OSC: OS supports [ExtendedConfig ASPM ClockPM Segments MSI]
[    0.805845] \_SB_.PCI0:_OSC invalid UUID
[    0.805846] _OSC request data:1 1f 0 
[    0.805852] acpi PNP0A08:00: _OSC failed (AE_ERROR); disabling ASPM
[    0.806325] PCI host bridge to bus 0000:00
[    0.806330] pci_bus 0000:00: root bus resource [io  0x0000-0x0cf7 window]
[    0.806332] pci_bus 0000:00: root bus resource [io  0x0d00-0xffff window]
[    0.806336] pci_bus 0000:00: root bus resource [mem 0x000a0000-0x000bffff window]
[    0.806338] pci_bus 0000:00: root bus resource [mem 0x000c0000-0x000c3fff window]
[    0.806340] pci_bus 0000:00: root bus resource [mem 0x000c4000-0x000c7fff window]
[    0.806342] pci_bus 0000:00: root bus resource [mem 0x000c8000-0x000cbfff window]
[    0.806344] pci_bus 0000:00: root bus resource [mem 0x000cc000-0x000cffff window]
[    0.806346] pci_bus 0000:00: root bus resource [mem 0x000d0000-0x000d3fff window]
[    0.806348] pci_bus 0000:00: root bus resource [mem 0x000d4000-0x000d7fff window]
[    0.806350] pci_bus 0000:00: root bus resource [mem 0x000d8000-0x000dbfff window]
[    0.806352] pci_bus 0000:00: root bus resource [mem 0x000dc000-0x000dffff window]
[    0.806354] pci_bus 0000:00: root bus resource [mem 0x000e0000-0x000e3fff window]
[    0.806356] pci_bus 0000:00: root bus resource [mem 0x000e4000-0x000e7fff window]
[    0.806358] pci_bus 0000:00: root bus resource [mem 0x000e8000-0x000ebfff window]
[    0.806360] pci_bus 0000:00: root bus resource [mem 0x000ec000-0x000effff window]
[    0.806362] pci_bus 0000:00: root bus resource [mem 0x000f0000-0x000fffff window]
[    0.806364] pci_bus 0000:00: root bus resource [mem 0x9fa00000-0xfeafffff window]
[    0.806367] pci_bus 0000:00: root bus resource [bus 00-fe]
[    0.806377] pci 0000:00:00.0: [8086:0a04] type 00 class 0x060000
[    0.806548] pci 0000:00:02.0: [8086:0a16] type 00 class 0x030000
[    0.806568] pci 0000:00:02.0: reg 0x10: [mem 0xb2000000-0xb23fffff 64bit]
[    0.806577] pci 0000:00:02.0: reg 0x18: [mem 0xa0000000-0xafffffff 64bit pref]
[    0.806584] pci 0000:00:02.0: reg 0x20: [io  0x5000-0x503f]
[    0.806742] pci 0000:00:03.0: [8086:0a0c] type 00 class 0x040300
[    0.806760] pci 0000:00:03.0: reg 0x10: [mem 0xb2610000-0xb2613fff 64bit]
[    0.806946] pci 0000:00:14.0: [8086:9c31] type 00 class 0x0c0330
[    0.806974] pci 0000:00:14.0: reg 0x10: [mem 0xb2600000-0xb260ffff 64bit]
[    0.807030] pci 0000:00:14.0: PME# supported from D3hot D3cold
[    0.807130] pci 0000:00:14.0: System wakeup disabled by ACPI
[    0.807180] pci 0000:00:16.0: [8086:9c3a] type 00 class 0x078000
[    0.807211] pci 0000:00:16.0: reg 0x10: [mem 0xb2618000-0xb261801f 64bit]
[    0.807282] pci 0000:00:16.0: PME# supported from D0 D3hot D3cold
[    0.807433] pci 0000:00:1b.0: [8086:9c20] type 00 class 0x040300
[    0.807460] pci 0000:00:1b.0: reg 0x10: [mem 0xb2614000-0xb2617fff 64bit]
[    0.807523] pci 0000:00:1b.0: PME# supported from D0 D3hot D3cold
[    0.807667] pci 0000:00:1c.0: [8086:9c10] type 01 class 0x060400
[    0.807734] pci 0000:00:1c.0: PME# supported from D0 D3hot D3cold
[    0.807884] pci 0000:00:1c.0: System wakeup disabled by ACPI
[    0.807931] pci 0000:00:1c.1: [8086:9c12] type 01 class 0x060400
[    0.808001] pci 0000:00:1c.1: PME# supported from D0 D3hot D3cold
[    0.808144] pci 0000:00:1c.1: System wakeup disabled by ACPI
[    0.808191] pci 0000:00:1c.2: [8086:9c14] type 01 class 0x060400
[    0.808260] pci 0000:00:1c.2: PME# supported from D0 D3hot D3cold
[    0.808403] pci 0000:00:1c.2: System wakeup disabled by ACPI
[    0.808450] pci 0000:00:1c.3: [8086:9c16] type 01 class 0x060400
[    0.808519] pci 0000:00:1c.3: PME# supported from D0 D3hot D3cold
[    0.808660] pci 0000:00:1c.3: System wakeup disabled by ACPI
[    0.808714] pci 0000:00:1d.0: [8086:9c26] type 00 class 0x0c0320
[    0.808958] pci 0000:00:1d.0: reg 0x10: [mem 0xb261c000-0xb261c3ff]
[    0.810256] pci 0000:00:1d.0: PME# supported from D0 D3hot D3cold
[    0.810378] pci 0000:00:1d.0: System wakeup disabled by ACPI
[    0.810432] pci 0000:00:1f.0: [8086:9c43] type 00 class 0x060100
[    0.810683] pci 0000:00:1f.2: [8086:9c03] type 00 class 0x010601
[    0.810706] pci 0000:00:1f.2: reg 0x10: [io  0x5088-0x508f]
[    0.810714] pci 0000:00:1f.2: reg 0x14: [io  0x5094-0x5097]
[    0.810722] pci 0000:00:1f.2: reg 0x18: [io  0x5080-0x5087]
[    0.810730] pci 0000:00:1f.2: reg 0x1c: [io  0x5090-0x5093]
[    0.810738] pci 0000:00:1f.2: reg 0x20: [io  0x5060-0x507f]
[    0.810746] pci 0000:00:1f.2: reg 0x24: [mem 0xb261b000-0xb261b7ff]
[    0.810776] pci 0000:00:1f.2: PME# supported from D3hot
[    0.810914] pci 0000:00:1f.3: [8086:9c22] type 00 class 0x0c0500
[    0.810932] pci 0000:00:1f.3: reg 0x10: [mem 0xb2619000-0xb26190ff 64bit]
[    0.810954] pci 0000:00:1f.3: reg 0x20: [io  0x5040-0x505f]
[    0.811148] pci 0000:00:1c.0: PCI bridge to [bus 01]
[    0.811251] pci 0000:02:00.0: [10ec:5227] type 00 class 0xff0000
[    0.811294] pci 0000:02:00.0: reg 0x10: [mem 0xb1000000-0xb1000fff]
[    0.811425] pci 0000:02:00.0: supports D1 D2
[    0.811427] pci 0000:02:00.0: PME# supported from D1 D2 D3hot D3cold
[    0.818068] pci 0000:00:1c.1: PCI bridge to [bus 02-07]
[    0.818073] pci 0000:00:1c.1:   bridge window [io  0x4000-0x4fff]
[    0.818077] pci 0000:00:1c.1:   bridge window [mem 0xb1000000-0xb1ffffff]
[    0.818083] pci 0000:00:1c.1:   bridge window [mem 0xb0000000-0xb0ffffff 64bit pref]
[    0.818288] pci 0000:08:00.0: [8086:08b1] type 00 class 0x028000
[    0.818404] pci 0000:08:00.0: reg 0x10: [mem 0xb2500000-0xb2501fff 64bit]
[    0.818765] pci 0000:08:00.0: PME# supported from D0 D3hot D3cold
[    0.826205] pci 0000:00:1c.2: PCI bridge to [bus 08]
[    0.826211] pci 0000:00:1c.2:   bridge window [mem 0xb2500000-0xb25fffff]
[    0.826302] pci 0000:09:00.0: [10ec:8168] type 00 class 0x020000
[    0.826353] pci 0000:09:00.0: reg 0x10: [io  0x3000-0x30ff]
[    0.826388] pci 0000:09:00.0: reg 0x18: [mem 0xb2404000-0xb2404fff 64bit]
[    0.826411] pci 0000:09:00.0: reg 0x20: [mem 0xb2400000-0xb2403fff 64bit]
[    0.826497] pci 0000:09:00.0: supports D1 D2
[    0.826499] pci 0000:09:00.0: PME# supported from D0 D1 D2 D3hot D3cold
[    0.826574] pci 0000:09:00.0: System wakeup disabled by ACPI
[    0.834084] pci 0000:00:1c.3: PCI bridge to [bus 09]
[    0.834089] pci 0000:00:1c.3:   bridge window [io  0x3000-0x3fff]
[    0.834093] pci 0000:00:1c.3:   bridge window [mem 0xb2400000-0xb24fffff]
[    0.834923] ACPI: PCI Interrupt Link [LNKA] (IRQs 3 4 5 6 10 11 12 14 15) *0, disabled.
[    0.834984] ACPI: PCI Interrupt Link [LNKB] (IRQs 3 4 5 6 10 11 12 14 15) *0, disabled.
[    0.835042] ACPI: PCI Interrupt Link [LNKC] (IRQs 3 4 5 6 10 11 12 14 15) *0, disabled.
[    0.835098] ACPI: PCI Interrupt Link [LNKD] (IRQs 3 4 5 6 10 11 12 14 15) *0, disabled.
[    0.835155] ACPI: PCI Interrupt Link [LNKE] (IRQs 3 4 5 6 10 11 12 14 15) *0, disabled.
[    0.835211] ACPI: PCI Interrupt Link [LNKF] (IRQs 3 4 5 6 10 11 12 14 15) *0, disabled.
[    0.835267] ACPI: PCI Interrupt Link [LNKG] (IRQs 3 4 5 6 10 11 12 14 15) *0, disabled.
[    0.835324] ACPI: PCI Interrupt Link [LNKH] (IRQs 3 4 5 6 10 11 12 14 15) *0, disabled.
[    0.835744] ACPI: Enabled 4 GPEs in block 00 to 7F
[    0.835826] ACPI : EC: GPE = 0x8, I/O: command/status = 0x66, data = 0x62
[    0.835959] vgaarb: setting as boot device: PCI:0000:00:02.0
[    0.835962] vgaarb: device added: PCI:0000:00:02.0,decodes=io+mem,owns=io+mem,locks=none
[    0.835966] vgaarb: loaded
[    0.835967] vgaarb: bridge control possible 0000:00:02.0
[    0.836317] SCSI subsystem initialized
[    0.836369] libata version 3.00 loaded.
[    0.836398] ACPI: bus type USB registered
[    0.836418] usbcore: registered new interface driver usbfs
[    0.836429] usbcore: registered new interface driver hub
[    0.836452] usbcore: registered new device driver usb
[    0.836710] PCI: Using ACPI for IRQ routing
[    0.842983] PCI: pci_cache_line_size set to 64 bytes
[    0.843317] e820: reserve RAM buffer [mem 0x0006f000-0x0006ffff]
[    0.843319] e820: reserve RAM buffer [mem 0x00088000-0x0008ffff]
[    0.843321] e820: reserve RAM buffer [mem 0x9c49f000-0x9fffffff]
[    0.843323] e820: reserve RAM buffer [mem 0x9d000000-0x9fffffff]
[    0.843325] e820: reserve RAM buffer [mem 0x25f600000-0x25fffffff]
[    0.843470] NetLabel: Initializing
[    0.843471] NetLabel:  domain hash size = 128
[    0.843472] NetLabel:  protocols = UNLABELED CIPSOv4
[    0.843489] NetLabel:  unlabeled traffic allowed by default
[    0.843592] hpet0: at MMIO 0xfed00000, IRQs 2, 8, 0, 0, 0, 0, 0, 0
[    0.843599] hpet0: 8 comparators, 64-bit 14.318180 MHz counter
[    0.845610] amd_nb: Cannot enumerate AMD northbridges
[    0.845629] clocksource: Switched to clocksource hpet
[    0.853229] AppArmor: AppArmor Filesystem Enabled
[    0.853319] pnp: PnP ACPI init
[    0.854100] system 00:00: [io  0x0680-0x069f] has been reserved
[    0.854104] system 00:00: [io  0xffff] has been reserved
[    0.854107] system 00:00: [io  0xffff] has been reserved
[    0.854109] system 00:00: [io  0xffff] has been reserved
[    0.854112] system 00:00: [io  0x1800-0x18fe] could not be reserved
[    0.854114] system 00:00: [io  0x164e-0x164f] has been reserved
[    0.854116] system 00:00: [io  0x0454-0x0457] has been reserved
[    0.854118] system 00:00: [io  0x0380-0x0387] has been reserved
[    0.854124] system 00:00: Plug and Play ACPI device, IDs PNP0c02 (active)
[    0.854181] pnp 00:01: Plug and Play ACPI device, IDs PNP0b00 (active)
[    0.854227] pnp 00:02: Plug and Play ACPI device, IDs HPQ8001 PNP0303 (active)
[    0.854269] pnp 00:03: Plug and Play ACPI device, IDs SYN1ed4 SYN1e00 SYN0002 PNP0f13 (active)
[    0.854611] system 00:04: [mem 0xfed1c000-0xfed1ffff] has been reserved
[    0.854614] system 00:04: [mem 0xfed10000-0xfed17fff] has been reserved
[    0.854617] system 00:04: [mem 0xfed18000-0xfed18fff] has been reserved
[    0.854619] system 00:04: [mem 0xfed19000-0xfed19fff] has been reserved
[    0.854622] system 00:04: [mem 0xe0000000-0xefffffff] has been reserved
[    0.854624] system 00:04: [mem 0xfed20000-0xfed3ffff] has been reserved
[    0.854627] system 00:04: [mem 0xfed90000-0xfed93fff] has been reserved
[    0.854629] system 00:04: [mem 0xff000000-0xffffffff] could not be reserved
[    0.854632] system 00:04: [mem 0xfee00000-0xfeefffff] could not be reserved
[    0.854634] system 00:04: [mem 0x9fa20000-0x9fa20fff] has been reserved
[    0.854636] system 00:04: [mem 0x9fa10000-0x9fa1ffff] has been reserved
[    0.854640] system 00:04: Plug and Play ACPI device, IDs PNP0c02 (active)
[    0.855030] pnp: PnP ACPI: found 5 devices
[    0.861716] clocksource: acpi_pm: mask: 0xffffff max_cycles: 0xffffff, max_idle_ns: 2085701024 ns
[    0.861757] pci 0000:00:1c.0: PCI bridge to [bus 01]
[    0.861770] pci 0000:00:1c.1: PCI bridge to [bus 02-07]
[    0.861773] pci 0000:00:1c.1:   bridge window [io  0x4000-0x4fff]
[    0.861778] pci 0000:00:1c.1:   bridge window [mem 0xb1000000-0xb1ffffff]
[    0.861783] pci 0000:00:1c.1:   bridge window [mem 0xb0000000-0xb0ffffff 64bit pref]
[    0.861789] pci 0000:00:1c.2: PCI bridge to [bus 08]
[    0.861794] pci 0000:00:1c.2:   bridge window [mem 0xb2500000-0xb25fffff]
[    0.861802] pci 0000:00:1c.3: PCI bridge to [bus 09]
[    0.861805] pci 0000:00:1c.3:   bridge window [io  0x3000-0x3fff]
[    0.861810] pci 0000:00:1c.3:   bridge window [mem 0xb2400000-0xb24fffff]
[    0.861820] pci_bus 0000:00: resource 4 [io  0x0000-0x0cf7 window]
[    0.861822] pci_bus 0000:00: resource 5 [io  0x0d00-0xffff window]
[    0.861824] pci_bus 0000:00: resource 6 [mem 0x000a0000-0x000bffff window]
[    0.861826] pci_bus 0000:00: resource 7 [mem 0x000c0000-0x000c3fff window]
[    0.861829] pci_bus 0000:00: resource 8 [mem 0x000c4000-0x000c7fff window]
[    0.861831] pci_bus 0000:00: resource 9 [mem 0x000c8000-0x000cbfff window]
[    0.861833] pci_bus 0000:00: resource 10 [mem 0x000cc000-0x000cffff window]
[    0.861835] pci_bus 0000:00: resource 11 [mem 0x000d0000-0x000d3fff window]
[    0.861837] pci_bus 0000:00: resource 12 [mem 0x000d4000-0x000d7fff window]
[    0.861839] pci_bus 0000:00: resource 13 [mem 0x000d8000-0x000dbfff window]
[    0.861841] pci_bus 0000:00: resource 14 [mem 0x000dc000-0x000dffff window]
[    0.861843] pci_bus 0000:00: resource 15 [mem 0x000e0000-0x000e3fff window]
[    0.861845] pci_bus 0000:00: resource 16 [mem 0x000e4000-0x000e7fff window]
[    0.861847] pci_bus 0000:00: resource 17 [mem 0x000e8000-0x000ebfff window]
[    0.861849] pci_bus 0000:00: resource 18 [mem 0x000ec000-0x000effff window]
[    0.861851] pci_bus 0000:00: resource 19 [mem 0x000f0000-0x000fffff window]
[    0.861854] pci_bus 0000:00: resource 20 [mem 0x9fa00000-0xfeafffff window]
[    0.861856] pci_bus 0000:02: resource 0 [io  0x4000-0x4fff]
[    0.861858] pci_bus 0000:02: resource 1 [mem 0xb1000000-0xb1ffffff]
[    0.861861] pci_bus 0000:02: resource 2 [mem 0xb0000000-0xb0ffffff 64bit pref]
[    0.861863] pci_bus 0000:08: resource 1 [mem 0xb2500000-0xb25fffff]
[    0.861865] pci_bus 0000:09: resource 0 [io  0x3000-0x3fff]
[    0.861867] pci_bus 0000:09: resource 1 [mem 0xb2400000-0xb24fffff]
[    0.861909] NET: Registered protocol family 2
[    0.862128] TCP established hash table entries: 65536 (order: 7, 524288 bytes)
[    0.862298] TCP bind hash table entries: 65536 (order: 8, 1048576 bytes)
[    0.862448] TCP: Hash tables configured (established 65536 bind 65536)
[    0.862480] UDP hash table entries: 4096 (order: 5, 131072 bytes)
[    0.862513] UDP-Lite hash table entries: 4096 (order: 5, 131072 bytes)
[    0.862592] NET: Registered protocol family 1
[    0.862612] pci 0000:00:02.0: Video device with shadowed ROM
[    0.877910] PCI: CLS 64 bytes, default 64
[    0.877969] Trying to unpack rootfs image as initramfs...
[    5.199395] Freeing initrd memory: 183252K
[    5.199422] PCI-DMA: Using software bounce buffering for IO (SWIOTLB)
[    5.199428] software IO TLB [mem 0x97ffc000-0x9bffc000] (64MB) mapped at [ffff880097ffc000-ffff88009bffbfff]
[    5.199545] RAPL PMU detected, API unit is 2^-32 Joules, 4 fixed counters 655360 ms ovfl timer
[    5.199547] hw unit of domain pp0-core 2^-14 Joules
[    5.199549] hw unit of domain package 2^-14 Joules
[    5.199550] hw unit of domain dram 2^-14 Joules
[    5.199551] hw unit of domain pp1-gpu 2^-14 Joules
[    5.199746] Scanning for low memory corruption every 60 seconds
[    5.200234] audit: initializing netlink subsys (disabled)
[    5.200254] audit: type=2000 audit(1519832856.724:1): initialized
[    5.200767] Initialise system trusted keyring
[    5.200884] HugeTLB registered 1 GB page size, pre-allocated 0 pages
[    5.200886] HugeTLB registered 2 MB page size, pre-allocated 0 pages
[    5.202921] zbud: loaded
[    5.203202] VFS: Disk quotas dquot_6.6.0
[    5.203246] VFS: Dquot-cache hash table entries: 512 (order 0, 4096 bytes)
[    5.203589] squashfs: version 4.0 (2009/01/31) Phillip Lougher
[    5.203900] fuse init (API version 7.23)
[    5.204083] Key type big_key registered
[    5.204532] Key type asymmetric registered
[    5.204535] Asymmetric key parser 'x509' registered
[    5.204580] Block layer SCSI generic (bsg) driver version 0.4 loaded (major 249)
[    5.204618] io scheduler noop registered
[    5.204622] io scheduler deadline registered (default)
[    5.204660] io scheduler cfq registered
[    5.205333] pci_hotplug: PCI Hot Plug PCI Core version: 0.5
[    5.205343] pciehp: PCI Express Hot Plug Controller Driver version: 0.4
[    5.205387] efifb: probing for efifb
[    5.205403] efifb: framebuffer at 0xa0000000, mapped to 0xffffc90001000000, using 8128k, total 8128k
[    5.205405] efifb: mode is 1920x1080x32, linelength=7680, pages=1
[    5.205406] efifb: scrolling: redraw
[    5.205408] efifb: Truecolor: size=8:8:8:8, shift=24:16:8:0
[    5.212926] Console: switching to colour frame buffer device 240x67
[    5.220282] fb0: EFI VGA frame buffer device
[    5.220296] intel_idle: MWAIT substates: 0x11142120
[    5.220298] intel_idle: v0.4.1 model 0x45
[    5.220299] intel_idle: lapic_timer_reliable_states 0xffffffff
[    5.221025] ACPI: AC Adapter [ADP1] (off-line)
[    5.221107] input: Lid Switch as /devices/LNXSYSTM:00/LNXSYBUS:00/PNP0C0D:00/input/input0
[    5.221813] ACPI: Lid Switch [LID0]
[    5.221869] input: Power Button as /devices/LNXSYSTM:00/LNXSYBUS:00/PNP0C0C:00/input/input1
[    5.221873] ACPI: Power Button [PWRB]
[    5.221937] input: Power Button as /devices/LNXSYSTM:00/LNXPWRBN:00/input/input2
[    5.221940] ACPI: Power Button [PWRF]
[    5.224438] [Firmware Bug]: Invalid critical threshold (0)
[    5.228910] thermal LNXTHERM:00: registered as thermal_zone0
[    5.228915] ACPI: Thermal Zone [TZ01] (48 C)
[    5.228975] GHES: HEST is not enabled!
[    5.229179] Serial: 8250/16550 driver, 32 ports, IRQ sharing enabled
[    5.234182] Linux agpgart interface v0.103
[    5.237424] brd: module loaded
[    5.238814] loop: module loaded
[    5.239084] libphy: Fixed MDIO Bus: probed
[    5.239088] tun: Universal TUN/TAP device driver, 1.6
[    5.239089] tun: (C) 1999-2004 Max Krasnyansky <maxk@qualcomm.com>
[    5.239133] PPP generic driver version 2.4.2
[    5.239197] ehci_hcd: USB 2.0 'Enhanced' Host Controller (EHCI) Driver
[    5.239203] ehci-pci: EHCI PCI platform driver
[    5.239367] ehci-pci 0000:00:1d.0: EHCI Host Controller
[    5.239375] ehci-pci 0000:00:1d.0: new USB bus registered, assigned bus number 1
[    5.239388] ehci-pci 0000:00:1d.0: debug port 2
[    5.243284] ehci-pci 0000:00:1d.0: cache line size of 64 is not supported
[    5.243298] ehci-pci 0000:00:1d.0: irq 23, io mem 0xb261c000
[    5.253902] ehci-pci 0000:00:1d.0: USB 2.0 started, EHCI 1.00
[    5.253946] usb usb1: New USB device found, idVendor=1d6b, idProduct=0002
[    5.253949] usb usb1: New USB device strings: Mfr=3, Product=2, SerialNumber=1
[    5.253951] usb usb1: Product: EHCI Host Controller
[    5.253953] usb usb1: Manufacturer: Linux 4.4.113 ehci_hcd
[    5.253955] usb usb1: SerialNumber: 0000:00:1d.0
[    5.254160] hub 1-0:1.0: USB hub found
[    5.254169] hub 1-0:1.0: 2 ports detected
[    5.254335] ehci-platform: EHCI generic platform driver
[    5.254354] ohci_hcd: USB 1.1 'Open' Host Controller (OHCI) Driver
[    5.254360] ohci-pci: OHCI PCI platform driver
[    5.254373] ohci-platform: OHCI generic platform driver
[    5.254384] uhci_hcd: USB Universal Host Controller Interface driver
[    5.254539] xhci_hcd 0000:00:14.0: xHCI Host Controller
[    5.254546] xhci_hcd 0000:00:14.0: new USB bus registered, assigned bus number 2
[    5.255615] xhci_hcd 0000:00:14.0: hcc params 0x200077c1 hci version 0x100 quirks 0x0004b810
[    5.255620] xhci_hcd 0000:00:14.0: cache line size of 64 is not supported
[    5.255706] usb usb2: New USB device found, idVendor=1d6b, idProduct=0002
[    5.255708] usb usb2: New USB device strings: Mfr=3, Product=2, SerialNumber=1
[    5.255710] usb usb2: Product: xHCI Host Controller
[    5.255712] usb usb2: Manufacturer: Linux 4.4.113 xhci-hcd
[    5.255714] usb usb2: SerialNumber: 0000:00:14.0
[    5.255888] hub 2-0:1.0: USB hub found
[    5.255899] hub 2-0:1.0: 9 ports detected
[    5.257364] xhci_hcd 0000:00:14.0: xHCI Host Controller
[    5.257368] xhci_hcd 0000:00:14.0: new USB bus registered, assigned bus number 3
[    5.257403] usb usb3: New USB device found, idVendor=1d6b, idProduct=0003
[    5.257405] usb usb3: New USB device strings: Mfr=3, Product=2, SerialNumber=1
[    5.257407] usb usb3: Product: xHCI Host Controller
[    5.257409] usb usb3: Manufacturer: Linux 4.4.113 xhci-hcd
[    5.257411] usb usb3: SerialNumber: 0000:00:14.0
[    5.257582] hub 3-0:1.0: USB hub found
[    5.257593] hub 3-0:1.0: 4 ports detected
[    5.257904] usb: port power management may be unreliable
[    5.258027] i8042: PNP: PS/2 Controller [PNP0303:PS2K,PNP0f13:PS2M] at 0x60,0x64 irq 1,12
[    5.265812] serio: i8042 KBD port at 0x60,0x64 irq 1
[    5.265817] serio: i8042 AUX port at 0x60,0x64 irq 12
[    5.266041] mousedev: PS/2 mouse device common for all mice
[    5.266301] rtc_cmos 00:01: RTC can wake from S4
[    5.266433] rtc_cmos 00:01: rtc core: registered rtc_cmos as rtc0
[    5.266460] rtc_cmos 00:01: alarms up to one month, 242 bytes nvram, hpet irqs
[    5.266470] i2c /dev entries driver
[    5.266541] device-mapper: uevent: version 1.0.3
[    5.266627] device-mapper: ioctl: 4.34.0-ioctl (2015-10-28) initialised: dm-devel@redhat.com
[    5.266654] Intel P-state driver initializing.
[    5.266841] ledtrig-cpu: registered to indicate activity on CPUs
[    5.266851] EFI Variables Facility v0.08 2004-May-17
[    5.301770] NET: Registered protocol family 10
[    5.301956] NET: Registered protocol family 17
[    5.301984] Key type dns_resolver registered
[    5.302175] microcode: CPU0 sig=0x40651, pf=0x40, revision=0x1c
[    5.302181] microcode: CPU1 sig=0x40651, pf=0x40, revision=0x1c
[    5.302188] microcode: CPU2 sig=0x40651, pf=0x40, revision=0x1c
[    5.302195] microcode: CPU3 sig=0x40651, pf=0x40, revision=0x1c
[    5.302227] microcode: Microcode Update Driver: v2.01 <tigran@aivazian.fsnet.co.uk>, Peter Oruba
[    5.302366] registered taskstats version 1
[    5.302378] Loading compiled-in X.509 certificates
[    5.303110] Loaded X.509 cert 'Build time autogenerated kernel key: 65e71e96ddb7f507fd1c270fc956fbd647dc1647'
[    5.303130] zswap: loaded using pool lzo/zbud
[    5.304628] Key type trusted registered
[    5.307220] Key type encrypted registered
[    5.307228] AppArmor: AppArmor sha1 policy hashing enabled
[    5.307232] ima: No TPM chip found, activating TPM-bypass!
[    5.307255] evm: HMAC attrs: 0x1
[    5.307760]   Magic number: 6:905:791
[    5.307851] rtc_cmos 00:01: setting system clock to 2018-02-28 15:47:38 UTC (1519832858)
[    5.307900] BIOS EDD facility v0.16 2004-Jun-25, 0 devices found
[    5.307901] EDD information not available.
[    5.307963] PM: Hibernation image not present or could not be loaded.
[    5.335031] ACPI: Battery Slot [BAT0] (battery present)
[    5.336068] Freeing unused kernel memory: 1500K
[    5.336071] Write protecting the kernel read-only data: 12288k
[    5.336293] Freeing unused kernel memory: 24K
[    5.336611] Freeing unused kernel memory: 108K
[    5.347323] input: AT Translated Set 2 keyboard as /devices/platform/i8042/serio0/input/input3
[    5.349348] systemd-udevd[135]: starting version 204
[    5.369750] FUJITSU Extended Socket Network Device Driver - version 1.0 - Copyright (c) 2015 FUJITSU LIMITED
[    5.383848] rtsx_pci 0000:02:00.0: rtsx_pci_acquire_irq: pcr->msi_en = 1, pci->irq = 41
[    5.385304] ahci 0000:00:1f.2: version 3.0
[    5.389181] r8169 Gigabit Ethernet driver 2.3LK-NAPI loaded
[    5.389188] r8169 0000:09:00.0: can't disable ASPM; OS doesn't have ASPM control
[    5.394850] r8169 0000:09:00.0 eth0: RTL8168g/8111g at 0xffffc90000cda000, 6c:c2:17:6d:0e:57, XID 10900800 IRQ 43
[    5.394854] r8169 0000:09:00.0 eth0: jumbo features [frames: 9200 bytes, tx checksumming: ko]
[    5.397931] ahci 0000:00:1f.2: AHCI 0001.0300 32 slots 4 ports 6 Gbps 0x1 impl SATA mode
[    5.397936] ahci 0000:00:1f.2: flags: 64bit ncq pm led clo only pio slum part deso sadm sds apst 
[    5.398819] scsi host0: ahci
[    5.398913] scsi host1: ahci
[    5.399405] scsi host2: ahci
[    5.399487] scsi host3: ahci
[    5.399531] ata1: SATA max UDMA/133 abar m2048@0xb261b000 port 0xb261b100 irq 42
[    5.399532] ata2: DUMMY
[    5.399533] ata3: DUMMY
[    5.399534] ata4: DUMMY
[    5.569974] usb 2-3: new high-speed USB device number 2 using xhci_hcd
[    5.569988] usb 1-1: new high-speed USB device number 2 using ehci-pci
[    5.702428] usb 1-1: New USB device found, idVendor=8087, idProduct=8000
[    5.702432] usb 1-1: New USB device strings: Mfr=0, Product=0, SerialNumber=0
[    5.702940] hub 1-1:1.0: USB hub found
[    5.703028] hub 1-1:1.0: 8 ports detected
[    5.717988] ata1: SATA link up 6.0 Gbps (SStatus 133 SControl 300)
[    5.719601] ata1.00: ATA-9: HGST HTS541075A7E630, SE2OA4A0, max UDMA/133
[    5.719605] ata1.00: 1465149168 sectors, multi 16: LBA48 NCQ (depth 31/32), AA
[    5.756449] ata1.00: configured for UDMA/133
[    5.756770] scsi 0:0:0:0: Direct-Access     ATA      HGST HTS541075A7 A4A0 PQ: 0 ANSI: 5
[    5.757177] sd 0:0:0:0: [sda] 1465149168 512-byte logical blocks: (750 GB/699 GiB)
[    5.757181] sd 0:0:0:0: [sda] 4096-byte physical blocks
[    5.757210] sd 0:0:0:0: Attached scsi generic sg0 type 0
[    5.757277] sd 0:0:0:0: [sda] Write Protect is off
[    5.757281] sd 0:0:0:0: [sda] Mode Sense: 00 3a 00 00
[    5.757313] sd 0:0:0:0: [sda] Write cache: enabled, read cache: enabled, doesn't support DPO or FUA
[    5.834073] usb 2-3: New USB device found, idVendor=04f2, idProduct=b40e
[    5.834078] usb 2-3: New USB device strings: Mfr=2, Product=1, SerialNumber=0
[    5.834080] usb 2-3: Product: HP Truevision HD
[    5.834082] usb 2-3: Manufacturer: Chicony Electronics Co., Ltd.
[    5.840261]  sda: sda1 sda2 sda3 sda4 sda5 sda6 sda7 sda8 sda9 sda10 sda11
[    5.841856] sd 0:0:0:0: [sda] Attached SCSI disk
[    6.005965] usb 2-4: new full-speed USB device number 3 using xhci_hcd
[    6.135101] usb 2-4: New USB device found, idVendor=06cb, idProduct=3150
[    6.135104] usb 2-4: New USB device strings: Mfr=1, Product=2, SerialNumber=0
[    6.135107] usb 2-4: Product: Synaptics Touch Digitizer V04
[    6.135108] usb 2-4: Manufacturer: SYNAPTICS
[    6.143400] hidraw: raw HID events driver (C) Jiri Kosina
[    6.151218] usbcore: registered new interface driver usbhid
[    6.151221] usbhid: USB HID core driver
[    6.197956] tsc: Refined TSC clocksource calibration: 2394.457 MHz
[    6.197960] clocksource: tsc: mask: 0xffffffffffffffff max_cycles: 0x2283c360c9e, max_idle_ns: 440795302742 ns
[    6.240664] psmouse serio1: synaptics: queried max coordinates: x [..5610], y [..4700]
[    6.278213] psmouse serio1: synaptics: queried min coordinates: x [1362..], y [1238..]
[    6.301967] usb 2-5: new full-speed USB device number 4 using xhci_hcd
[    6.355184] psmouse serio1: synaptics: Touchpad model: 1, fw: 8.1, id: 0x1e2b1, caps: 0xd00123/0x840300/0x12e800/0x0, board id: 2960, fw id: 1619168
[    6.403802] input: SynPS/2 Synaptics TouchPad as /devices/platform/i8042/serio1/input/input5
[    6.498527] usb 2-5: New USB device found, idVendor=048d, idProduct=8350
[    6.498532] usb 2-5: New USB device strings: Mfr=1, Product=2, SerialNumber=0
[    6.498534] usb 2-5: Product: ITE Device(8350)
[    6.498536] usb 2-5: Manufacturer: ITE Tech. Inc.
[    6.710031] usb 2-7: new full-speed USB device number 5 using xhci_hcd
[    6.771577] EXT4-fs (sda6): INFO: recovery required on readonly filesystem
[    6.771582] EXT4-fs (sda6): write access will be enabled during recovery
[    6.838991] usb 2-7: New USB device found, idVendor=8087, idProduct=07dc
[    6.838995] usb 2-7: New USB device strings: Mfr=0, Product=0, SerialNumber=0
[    6.958708] random: nonblocking pool is initialized
[    7.198166] clocksource: Switched to clocksource tsc
[    9.196213] EXT4-fs (sda6): orphan cleanup on readonly fs
[    9.196388] EXT4-fs (sda6): 10 orphan inodes deleted
[    9.196390] EXT4-fs (sda6): recovery complete
[    9.304641] EXT4-fs (sda6): mounted filesystem with ordered data mode. Opts: (null)
[   10.464814] init: plymouth-upstart-bridge main process (208) terminated with status 1
[   10.464826] init: plymouth-upstart-bridge main process ended, respawning
[   10.467413] init: plymouth-upstart-bridge main process (220) terminated with status 1
[   10.467432] init: plymouth-upstart-bridge main process ended, respawning
[   10.469006] init: plymouth-upstart-bridge main process (222) terminated with status 1
[   10.469016] init: plymouth-upstart-bridge main process ended, respawning
[   10.470901] init: plymouth-upstart-bridge main process (223) terminated with status 1
[   10.470910] init: plymouth-upstart-bridge main process ended, respawning
[   10.472600] init: plymouth-upstart-bridge main process (225) terminated with status 1
[   10.472608] init: plymouth-upstart-bridge main process ended, respawning
[   10.474248] init: plymouth-upstart-bridge main process (226) terminated with status 1
[   10.474257] init: plymouth-upstart-bridge main process ended, respawning
[   10.475623] init: plymouth-upstart-bridge main process (228) terminated with status 1
[   10.475642] init: plymouth-upstart-bridge main process ended, respawning
[   10.477365] init: plymouth-upstart-bridge main process (229) terminated with status 1
[   10.477379] init: plymouth-upstart-bridge main process ended, respawning
[   10.478666] init: plymouth-upstart-bridge main process (231) terminated with status 1
[   10.478673] init: plymouth-upstart-bridge main process ended, respawning
[   10.480289] init: plymouth-upstart-bridge main process (232) terminated with status 1
[   10.480297] init: plymouth-upstart-bridge main process ended, respawning
[   10.481644] init: plymouth-upstart-bridge main process (234) terminated with status 1
[   10.481652] init: plymouth-upstart-bridge respawning too fast, stopped
[   12.953984] atkbd serio0: Unknown key pressed (translated set 2, code 0xd7 on isa0060/serio0).
[   12.953989] atkbd serio0: Use 'setkeycodes e057 <keycode>' to make it known.
[   12.961050] atkbd serio0: Unknown key released (translated set 2, code 0xd7 on isa0060/serio0).
[   12.961055] atkbd serio0: Use 'setkeycodes e057 <keycode>' to make it known.
[   14.459838] atkbd serio0: Unknown key pressed (translated set 2, code 0xd7 on isa0060/serio0).
[   14.459843] atkbd serio0: Use 'setkeycodes e057 <keycode>' to make it known.
[   14.466907] atkbd serio0: Unknown key released (translated set 2, code 0xd7 on isa0060/serio0).
[   14.466912] atkbd serio0: Use 'setkeycodes e057 <keycode>' to make it known.
[   20.435092] Adding 1571836k swap on /dev/sda9.  Priority:-1 extents:1 across:1571836k FS
[   20.704468] systemd-udevd[396]: starting version 204
[   21.277759] lp: driver loaded but no devices found
[   21.416380] ppdev: user-space parallel port driver
[   21.481032] shpchp: Standard Hot Plug PCI Controller Driver version: 0.4
[   21.687535] Initializing HPQ6001 module
[   21.687616] input: HP Wireless hotkeys as /devices/virtual/input/input6
[   21.696351] wmi: Mapper loaded
[   21.834308] hp_accel: laptop model unknown, using default axes configuration
[   21.844033] lis3lv02d: 8 bits 3DC sensor found
[   21.886933] input: ST LIS3LV02DL Accelerometer as /devices/platform/lis3lv02d/input/input7
[   22.143698] input: SYNAPTICS Synaptics Touch Digitizer V04 as /devices/pci0000:00/0000:00:14.0/usb2/2-4/2-4:1.0/0003:06CB:3150.0001/input/input8
[   22.143822] input: SYNAPTICS Synaptics Touch Digitizer V04 Pen as /devices/pci0000:00/0000:00:14.0/usb2/2-4/2-4:1.0/0003:06CB:3150.0001/input/input9
[   22.143965] hid-multitouch 0003:06CB:3150.0001: input,hiddev0,hidraw0: USB HID v1.11 Mouse [SYNAPTICS Synaptics Touch Digitizer V04] on usb-0000:00:14.0-4/input0
[   22.560786] device-mapper: multipath: version 1.10.0 loaded
[   22.749953] media: Linux media interface: v0.10
[   22.852281] input: HP WMI hotkeys as /devices/virtual/input/input11
[   23.121552] AVX2 version of gcm_enc/dec engaged.
[   23.121555] AES CTR mode by8 optimization enabled
[   23.250501] audit: type=1400 audit(1519814876.434:2): apparmor="STATUS" operation="profile_load" name="/sbin/dhclient" pid=531 comm="apparmor_parser"
[   23.250506] audit: type=1400 audit(1519814876.434:3): apparmor="STATUS" operation="profile_load" name="/usr/lib/NetworkManager/nm-dhcp-client.action" pid=531 comm="apparmor_parser"
[   23.250509] audit: type=1400 audit(1519814876.434:4): apparmor="STATUS" operation="profile_load" name="/usr/lib/connman/scripts/dhclient-script" pid=531 comm="apparmor_parser"
[   23.250518] audit: type=1400 audit(1519814876.434:5): apparmor="STATUS" operation="profile_replace" name="/sbin/dhclient" pid=532 comm="apparmor_parser"
[   23.250524] audit: type=1400 audit(1519814876.434:6): apparmor="STATUS" operation="profile_replace" name="/usr/lib/NetworkManager/nm-dhcp-client.action" pid=532 comm="apparmor_parser"
[   23.250527] audit: type=1400 audit(1519814876.434:7): apparmor="STATUS" operation="profile_replace" name="/usr/lib/connman/scripts/dhclient-script" pid=532 comm="apparmor_parser"
[   24.006469] [drm] Initialized drm 1.1.0 20060810
[   24.025214] Linux video capture interface: v2.00
[   25.383011] uvcvideo: Found UVC 1.00 device HP Truevision HD (04f2:b40e)
[   25.422878] input: HP Truevision HD as /devices/pci0000:00/0000:00:14.0/usb2/2-3/2-3:1.0/input/input12
[   25.422975] usbcore: registered new interface driver uvcvideo
[   25.422977] USB Video Class driver (1.1.1)
[   25.591727] Bluetooth: Core ver 2.21
[   25.591747] NET: Registered protocol family 31
[   25.591749] Bluetooth: HCI device and connection manager initialized
[   25.591752] Bluetooth: HCI socket layer initialized
[   25.591755] Bluetooth: L2CAP socket layer initialized
[   25.591760] Bluetooth: SCO socket layer initialized
[   25.644312] intel_rapl: Found RAPL domain package
[   25.644317] intel_rapl: Found RAPL domain core
[   25.644319] intel_rapl: Found RAPL domain uncore
[   25.644321] intel_rapl: Found RAPL domain dram
[   25.644325] intel_rapl: RAPL package 0 domain package locked by BIOS
[   25.846613] usbcore: registered new interface driver btusb
[   25.859903] Bluetooth: hci0: read Intel version: 370710018002030d00
[   26.018869] Bluetooth: hci0: Intel Bluetooth firmware file: intel/ibt-hw-37.7.10-fw-1.80.2.3.d.bseq
[   26.124852] Bluetooth: hci0: Intel Bluetooth firmware patch completed and activated
[   26.207175] snd_hda_codec_realtek hdaudioC1D0: autoconfig for ALC3227: line_outs=1 (0x14/0x0/0x0/0x0/0x0) type:speaker
[   26.207180] snd_hda_codec_realtek hdaudioC1D0:    speaker_outs=0 (0x0/0x0/0x0/0x0/0x0)
[   26.207183] snd_hda_codec_realtek hdaudioC1D0:    hp_outs=1 (0x21/0x0/0x0/0x0/0x0)
[   26.207185] snd_hda_codec_realtek hdaudioC1D0:    mono: mono_out=0x0
[   26.207186] snd_hda_codec_realtek hdaudioC1D0:    inputs:
[   26.207188] snd_hda_codec_realtek hdaudioC1D0:      Mic=0x19
[   26.207190] snd_hda_codec_realtek hdaudioC1D0:      Internal Mic=0x12
[   26.216616] input: HDA Intel PCH Mic as /devices/pci0000:00/0000:00:1b.0/sound/card1/input13
[   26.216704] input: HDA Intel PCH Headphone as /devices/pci0000:00/0000:00:1b.0/sound/card1/input14
[   26.935691] cfg80211: World regulatory domain updated:
[   26.935696] cfg80211:  DFS Master region: unset
[   26.935697] cfg80211:   (start_freq - end_freq @ bandwidth), (max_antenna_gain, max_eirp), (dfs_cac_time)
[   26.935700] cfg80211:   (2402000 KHz - 2472000 KHz @ 40000 KHz), (300 mBi, 2000 mBm), (N/A)
[   26.935703] cfg80211:   (2457000 KHz - 2482000 KHz @ 40000 KHz), (300 mBi, 2000 mBm), (N/A)
[   26.935704] cfg80211:   (2474000 KHz - 2494000 KHz @ 20000 KHz), (300 mBi, 2000 mBm), (N/A)
[   26.935706] cfg80211:   (5170000 KHz - 5250000 KHz @ 40000 KHz), (300 mBi, 2000 mBm), (N/A)
[   26.935708] cfg80211:   (5735000 KHz - 5835000 KHz @ 40000 KHz), (300 mBi, 2000 mBm), (N/A)
[   27.050744] Intel(R) Wireless WiFi driver for Linux
[   27.050747] Copyright(c) 2003- 2015 Intel Corporation
[   27.052562] iwlwifi 0000:08:00.0: Direct firmware load for iwlwifi-7260-17.ucode failed with error -2
[   27.148524] iwlwifi 0000:08:00.0: loaded firmware version 16.242414.0 op_mode iwlmvm
[   28.207619] [drm] Memory usable by graphics device = 2048M
[   28.207622] checking generic (a0000000 7f0000) vs hw (a0000000 10000000)
[   28.207624] fb: switching to inteldrmfb from EFI VGA
[   28.207795] Console: switching to colour dummy device 80x25
[   28.207867] [drm] Replacing VGA console driver
[   28.213394] [drm] Supports vblank timestamp caching Rev 2 (21.10.2013).
[   28.213396] [drm] Driver supports precise vblank timestamp query.
[   28.214295] vgaarb: device changed decodes: PCI:0000:00:02.0,olddecodes=io+mem,decodes=io+mem:owns=io+mem
[   28.234831] ACPI: Video Device [GFX0] (multi-head: yes  rom: no  post: no)
[   28.234939] fbcon: inteldrmfb (fb0) is primary device
[   28.235140] input: Video Bus as /devices/LNXSYSTM:00/LNXSYBUS:00/PNP0A08:00/LNXVIDEO:00/input/input15
[   28.629800] EXT4-fs (sda6): re-mounted. Opts: errors=remount-ro
[   29.336335] Console: switching to colour frame buffer device 240x67
[   29.339706] snd_hda_intel 0000:00:03.0: bound 0000:00:02.0 (ops i915_audio_component_bind_ops [i915])
[   29.339710] [drm] Initialized i915 1.6.0 20151010 for 0000:00:02.0 on minor 0
[   29.345295] i915 0000:00:02.0: fb0: inteldrmfb frame buffer device
[   29.669091] input: HDA Intel HDMI HDMI/DP,pcm=3 as /devices/pci0000:00/0000:00:03.0/sound/card0/input16
[   29.669199] input: HDA Intel HDMI HDMI/DP,pcm=7 as /devices/pci0000:00/0000:00:03.0/sound/card0/input17
[   29.669274] input: HDA Intel HDMI HDMI/DP,pcm=8 as /devices/pci0000:00/0000:00:03.0/sound/card0/input18
[   31.248360] iwlwifi 0000:08:00.0: Detected Intel(R) Dual Band Wireless AC 7260, REV=0x144
[   31.248684] iwlwifi 0000:08:00.0: L1 Enabled - LTR Enabled
[   31.249181] iwlwifi 0000:08:00.0: L1 Enabled - LTR Enabled
[   31.471327] ieee80211 phy0: Selected rate control algorithm 'iwl-mvm-rs'
[   32.655806] init: failsafe main process (881) killed by TERM signal
[   32.938288] init: click-system-hooks main process (865) terminated with status 1
[   33.186307] audit: type=1400 audit(1519814886.370:8): apparmor="STATUS" operation="profile_load" name="/usr/lib/cups/backend/cups-pdf" pid=988 comm="apparmor_parser"
[   33.186311] audit: type=1400 audit(1519814886.370:9): apparmor="STATUS" operation="profile_load" name="/usr/sbin/cupsd" pid=988 comm="apparmor_parser"
[   33.487139] Bluetooth: RFCOMM TTY layer initialized
[   33.487146] Bluetooth: RFCOMM socket layer initialized
[   33.487150] Bluetooth: RFCOMM ver 1.11
[   33.500076] init: cups main process (989) killed by HUP signal
[   33.500085] init: cups main process ended, respawning
[   33.613619] Bluetooth: BNEP (Ethernet Emulation) ver 1.3
[   33.613622] Bluetooth: BNEP filters: protocol multicast
[   33.613626] Bluetooth: BNEP socket layer initialized
[   33.665215] audit: type=1400 audit(1519814886.850:10): apparmor="STATUS" operation="profile_load" name="system_tor" pid=1058 comm="apparmor_parser"
[   33.665861] audit: type=1400 audit(1519814886.850:11): apparmor="STATUS" operation="profile_replace" name="/sbin/dhclient" pid=1057 comm="apparmor_parser"
[   33.665869] audit: type=1400 audit(1519814886.850:12): apparmor="STATUS" operation="profile_replace" name="/usr/lib/NetworkManager/nm-dhcp-client.action" pid=1057 comm="apparmor_parser"
[   33.665873] audit: type=1400 audit(1519814886.850:13): apparmor="STATUS" operation="profile_replace" name="/usr/lib/connman/scripts/dhclient-script" pid=1057 comm="apparmor_parser"
[   33.666475] audit: type=1400 audit(1519814886.850:14): apparmor="STATUS" operation="profile_load" name="/usr/lib/lightdm/lightdm-guest-session" pid=1056 comm="apparmor_parser"
[   33.666481] audit: type=1400 audit(1519814886.850:15): apparmor="STATUS" operation="profile_load" name="chromium" pid=1056 comm="apparmor_parser"
[   33.666841] audit: type=1400 audit(1519814886.850:16): apparmor="STATUS" operation="profile_load" name="/usr/lib/libvirt/virt-aa-helper" pid=1061 comm="apparmor_parser"
[   33.668347] audit: type=1400 audit(1519814886.854:17): apparmor="STATUS" operation="profile_load" name="/usr/sbin/cups-browsed" pid=1063 comm="apparmor_parser"
[   34.375305] init: gdm main process (1199) killed by TERM signal
[   36.366927] init: samba-ad-dc main process (1296) terminated with status 1
[   37.947576] iwlwifi 0000:08:00.0: L1 Enabled - LTR Enabled
[   37.948522] iwlwifi 0000:08:00.0: L1 Enabled - LTR Enabled
[   38.144817] iwlwifi 0000:08:00.0: L1 Enabled - LTR Enabled
[   38.145325] iwlwifi 0000:08:00.0: L1 Enabled - LTR Enabled
[   38.168665] IPv6: ADDRCONF(NETDEV_UP): wlan0: link is not ready
[   38.290004] r8169 0000:09:00.0 eth0: link down
[   38.290070] IPv6: ADDRCONF(NETDEV_UP): eth0: link is not ready
[   38.975750] cgroup: systemd-logind (969) created nested cgroup for controller "memory" which has incomplete hierarchy support. Nested cgroups may change behavior in the future.
[   38.975754] cgroup: "memory" requires setting use_hierarchy to 1 on the root
[   40.155205] Ebtables v2.0 registered
[   40.344191] ip_tables: (C) 2000-2006 Netfilter Core Team
[   40.505089] ip6_tables: (C) 2000-2006 Netfilter Core Team
[   47.174259] bridge: automatic filtering via arp/ip/ip6tables has been deprecated. Update your scripts to load br_netfilter if you need this.
[   48.990084] nf_conntrack version 0.5.0 (65536 buckets, 262144 max)
[   50.731098] systemd-hostnamed[2125]: Warning: nss-myhostname is not installed. Changing the local hostname might make it unresolveable. Please install nss-myhostname!
[   63.363123] audit_printk_skb: 54 callbacks suppressed
[   63.363127] audit: type=1400 audit(1519814916.546:36): apparmor="STATUS" operation="profile_replace" name="/usr/lib/cups/backend/cups-pdf" pid=2628 comm="apparmor_parser"
[   63.363134] audit: type=1400 audit(1519814916.546:37): apparmor="STATUS" operation="profile_replace" name="/usr/sbin/cupsd" pid=2628 comm="apparmor_parser"
[   72.010855] wlan0: authenticate with 64:00:f1:13:22:cf
[   72.015100] wlan0: send auth to 64:00:f1:13:22:cf (try 1/3)
[   72.016244] wlan0: authenticated
[   72.017868] wlan0: associate with 64:00:f1:13:22:cf (try 1/3)
[   72.020662] wlan0: RX AssocResp from 64:00:f1:13:22:cf (capab=0x111 status=0 aid=176)
[   72.022975] wlan0: associated
[   72.023014] IPv6: ADDRCONF(NETDEV_CHANGE): wlan0: link becomes ready
[   72.025707] cfg80211: Regulatory domain changed to country: RU
[   72.025710] cfg80211:  DFS Master region: unset
[   72.025711] cfg80211:   (start_freq - end_freq @ bandwidth), (max_antenna_gain, max_eirp), (dfs_cac_time)
[   72.025713] cfg80211:   (2402000 KHz - 2482000 KHz @ 40000 KHz), (N/A, 2000 mBm), (N/A)
[   72.025714] cfg80211:   (5735000 KHz - 5835000 KHz @ 20000 KHz), (N/A, 3000 mBm), (N/A)
[   72.039594] wlan0: Limiting TX power to 17 dBm as advertised by 64:00:f1:13:22:cf
[  110.494992] init: plymouth-stop pre-start process (3396) terminated with status 1
[  303.660004] test: loading out-of-tree module taints kernel.
[  303.660050] test: module verification failed: signature and/or required key missing - tainting kernel
[  303.661792] moudle loaded!
[  303.661885] address: <2>[  303.672078] BUG: recent printk recursion!
[  303.672079] Purging GPU memory, 207192064 bytes freed, 8978432 bytes still pinned.
[  325.593398] module unloaded
[  373.601219] address1: moudle loaded!
[  373.601360] address: <6>[  373.606587] Purging GPU memory, 78733312 bytes freed, 17272832 bytes still pinned.
[  443.990519] module unloaded
[  445.196143] address1: 18446744071580626464moudle loaded!
[  445.196992] address: 18446744071580626464<6>[  445.210907] Purging GPU memory, 127565824 bytes freed, 8978432 bytes still pinned.
[  611.793681] wlan0: authenticate with 64:00:f1:13:22:c0
[  611.798262] wlan0: send auth to 64:00:f1:13:22:c0 (try 1/3)
[  611.800102] wlan0: authenticated
[  611.801899] wlan0: associate with 64:00:f1:13:22:c0 (try 1/3)
[  611.806845] cfg80211: World regulatory domain updated:
[  611.806852] cfg80211:  DFS Master region: unset
[  611.806855] cfg80211:   (start_freq - end_freq @ bandwidth), (max_antenna_gain, max_eirp), (dfs_cac_time)
[  611.806860] cfg80211:   (2402000 KHz - 2472000 KHz @ 40000 KHz), (300 mBi, 2000 mBm), (N/A)
[  611.806863] cfg80211:   (2457000 KHz - 2482000 KHz @ 40000 KHz), (300 mBi, 2000 mBm), (N/A)
[  611.806866] cfg80211:   (2474000 KHz - 2494000 KHz @ 20000 KHz), (300 mBi, 2000 mBm), (N/A)
[  611.806869] cfg80211:   (5170000 KHz - 5250000 KHz @ 40000 KHz), (300 mBi, 2000 mBm), (N/A)
[  611.806872] cfg80211:   (5735000 KHz - 5835000 KHz @ 40000 KHz), (300 mBi, 2000 mBm), (N/A)
[  611.808934] wlan0: RX AssocResp from 64:00:f1:13:22:c0 (capab=0x431 status=0 aid=64)
[  611.810646] wlan0: associated
[  611.814923] cfg80211: Regulatory domain changed to country: RU
[  611.814930] cfg80211:  DFS Master region: unset
[  611.814934] cfg80211:   (start_freq - end_freq @ bandwidth), (max_antenna_gain, max_eirp), (dfs_cac_time)
[  611.814940] cfg80211:   (2402000 KHz - 2482000 KHz @ 40000 KHz), (N/A, 2000 mBm), (N/A)
[  611.814945] cfg80211:   (5735000 KHz - 5835000 KHz @ 20000 KHz), (N/A, 3000 mBm), (N/A)
[  611.847693] wlan0: Limiting TX power to 14 dBm as advertised by 64:00:f1:13:22:c0
